// Jest Snapshot v1, https://goo.gl/fbAQLP

exports[`Form submit button component should render correctly 1`] = `
<nav
  className="layout-grid navbar"
>
  <h1
    className="brand"
  >
    <Link
      replace={false}
      to="/"
    >
      RideMyWay
    </Link>
  </h1>
  <button
    className="menu btn"
    onClick={[Function]}
    type="button"
  >
    <i
      aria-hidden="true"
      className="fa fa-navicon"
    />
  </button>
  <ul
    className="nav-links"
  >
    <Navlinks
      signOut={[Function]}
      user={null}
    />
  </ul>
</nav>
`;
