// Jest Snapshot v1, https://goo.gl/fbAQLP

exports[`Form submit Navlinks component should display links for logged in user 1`] = `
<Fragment>
  <li>
    <Link
      className="brand"
      replace={false}
      to="/"
    >
      RideMyWay
    </Link>
  </li>
  <li>
    <Link
      replace={false}
      to="/register"
    >
      Register
    </Link>
  </li>
  <li>
    <Link
      replace={false}
      to="/login"
    >
      Login
    </Link>
  </li>
</Fragment>
`;

exports[`Form submit Navlinks component should display links login/register links 1`] = `
<Fragment>
  <li>
    <Link
      className="brand"
      replace={false}
      to="/"
    >
      RideMyWay
    </Link>
  </li>
  <li>
    <Link
      replace={false}
      to="/register"
    >
      Register
    </Link>
  </li>
  <li>
    <Link
      replace={false}
      to="/login"
    >
      Login
    </Link>
  </li>
</Fragment>
`;
