// Jest Snapshot v1, https://goo.gl/fbAQLP

exports[`RideDetails component should render correctly 1`] = `
<Connect(RideDetails)
  ride={
    Object {
      "createdAt": "2018-08-26T17:08:27.287Z",
      "departureDate": 1538380166917,
      "departureTime": "12:30:00+01",
      "destination": "Port Liliane",
      "origin": "Reichelchester",
      "rideCreator": "Celestine Ekoh-Ordan",
      "rideId": 1,
      "seats": 2,
      "updatedAt": "2018-08-26T17:08:27.287Z",
    }
  }
/>
`;
